::1 - - [03/Oct/2016:23:56:59 -0400] "OPTIONS * HTTP/1.0" 200 125 "-" "Apache/2.4.7 (Ubuntu) PHP/5.5.9-1ubuntu4.19 (internal dummy connection)"
::1 - - [03/Oct/2016:23:57:09 -0400] "OPTIONS * HTTP/1.0" 200 125 "-" "Apache/2.4.7 (Ubuntu) PHP/5.5.9-1ubuntu4.19 (internal dummy connection)"
::1 - - [04/Oct/2016:00:00:34 -0400] "OPTIONS * HTTP/1.0" 200 125 "-" "Apache/2.4.7 (Ubuntu) PHP/5.5.9-1ubuntu4.19 (internal dummy connection)"
::1 - - [04/Oct/2016:00:05:29 -0400] "OPTIONS * HTTP/1.0" 200 125 "-" "Apache/2.4.7 (Ubuntu) PHP/5.5.9-1ubuntu4.19 (internal dummy connection)"
185.77.102.78 - - [04/Oct/2016:00:13:38 -0400] "GET /admin/img/yii2-starter-kit.gif HTTP/1.1" 403 531 "http://karabasweb.com/gii" "Mozilla/5.0 (Windows NT 10.0; Win64; x64) AppleWebKit/537.36 (KHTML, like Gecko) Chrome/53.0.2785.116 Safari/537.36"
::1 - - [04/Oct/2016:00:13:46 -0400] "OPTIONS * HTTP/1.0" 200 125 "-" "Apache/2.4.7 (Ubuntu) PHP/5.5.9-1ubuntu4.19 (internal dummy connection)"
185.77.102.78 - - [04/Oct/2016:00:13:52 -0400] "GET /admin/img/yii2-starter-kit.gif HTTP/1.1" 403 531 "http://karabasweb.com/gii" "Mozilla/5.0 (Windows NT 10.0; Win64; x64) AppleWebKit/537.36 (KHTML, like Gecko) Chrome/53.0.2785.116 Safari/537.36"
::1 - - [04/Oct/2016:00:14:00 -0400] "OPTIONS * HTTP/1.0" 200 125 "-" "Apache/2.4.7 (Ubuntu) PHP/5.5.9-1ubuntu4.19 (internal dummy connection)"
::1 - - [04/Oct/2016:00:14:49 -0400] "OPTIONS * HTTP/1.0" 200 125 "-" "Apache/2.4.7 (Ubuntu) PHP/5.5.9-1ubuntu4.19 (internal dummy connection)"
185.77.102.78 - - [04/Oct/2016:00:18:35 -0400] "GET /admin/img/yii2-starter-kit.gif HTTP/1.1" 403 531 "http://karabasweb.com/gii" "Mozilla/5.0 (Windows NT 10.0; Win64; x64) AppleWebKit/537.36 (KHTML, like Gecko) Chrome/53.0.2785.116 Safari/537.36"
185.77.102.78 - - [04/Oct/2016:00:20:53 -0400] "GET /admin/img/yii2-starter-kit.gif HTTP/1.1" 403 531 "http://karabasweb.com/gii" "Mozilla/5.0 (Windows NT 10.0; Win64; x64) AppleWebKit/537.36 (KHTML, like Gecko) Chrome/53.0.2785.116 Safari/537.36"
::1 - - [04/Oct/2016:00:21:15 -0400] "OPTIONS * HTTP/1.0" 200 125 "-" "Apache/2.4.7 (Ubuntu) PHP/5.5.9-1ubuntu4.19 (internal dummy connection)"
::1 - - [04/Oct/2016:00:23:18 -0400] "OPTIONS * HTTP/1.0" 200 125 "-" "Apache/2.4.7 (Ubuntu) PHP/5.5.9-1ubuntu4.19 (internal dummy connection)"
::1 - - [04/Oct/2016:00:23:30 -0400] "OPTIONS * HTTP/1.0" 200 125 "-" "Apache/2.4.7 (Ubuntu) PHP/5.5.9-1ubuntu4.19 (internal dummy connection)"
::1 - - [04/Oct/2016:00:23:59 -0400] "OPTIONS * HTTP/1.0" 200 125 "-" "Apache/2.4.7 (Ubuntu) PHP/5.5.9-1ubuntu4.19 (internal dummy connection)"
::1 - - [04/Oct/2016:00:24:26 -0400] "OPTIONS * HTTP/1.0" 200 125 "-" "Apache/2.4.7 (Ubuntu) PHP/5.5.9-1ubuntu4.19 (internal dummy connection)"
185.77.102.78 - - [04/Oct/2016:00:31:38 -0400] "GET /admin/gii HTTP/1.1" 403 510 "-" "Mozilla/5.0 (Windows NT 10.0; Win64; x64) AppleWebKit/537.36 (KHTML, like Gecko) Chrome/53.0.2785.116 Safari/537.36"
::1 - - [04/Oct/2016:00:32:51 -0400] "OPTIONS * HTTP/1.0" 200 125 "-" "Apache/2.4.7 (Ubuntu) PHP/5.5.9-1ubuntu4.19 (internal dummy connection)"
::1 - - [04/Oct/2016:00:33:05 -0400] "OPTIONS * HTTP/1.0" 200 125 "-" "Apache/2.4.7 (Ubuntu) PHP/5.5.9-1ubuntu4.19 (internal dummy connection)"
::1 - - [04/Oct/2016:00:33:51 -0400] "OPTIONS * HTTP/1.0" 200 125 "-" "Apache/2.4.7 (Ubuntu) PHP/5.5.9-1ubuntu4.19 (internal dummy connection)"
::1 - - [04/Oct/2016:00:34:15 -0400] "OPTIONS * HTTP/1.0" 200 125 "-" "Apache/2.4.7 (Ubuntu) PHP/5.5.9-1ubuntu4.19 (internal dummy connection)"
::1 - - [04/Oct/2016:00:34:40 -0400] "OPTIONS * HTTP/1.0" 200 125 "-" "Apache/2.4.7 (Ubuntu) PHP/5.5.9-1ubuntu4.19 (internal dummy connection)"
::1 - - [04/Oct/2016:00:37:50 -0400] "OPTIONS * HTTP/1.0" 200 125 "-" "Apache/2.4.7 (Ubuntu) PHP/5.5.9-1ubuntu4.19 (internal dummy connection)"
::1 - - [04/Oct/2016:00:39:55 -0400] "OPTIONS * HTTP/1.0" 200 125 "-" "Apache/2.4.7 (Ubuntu) PHP/5.5.9-1ubuntu4.19 (internal dummy connection)"
141.8.143.183 - - [04/Oct/2016:01:03:58 -0400] "GET /robots.txt HTTP/1.1" 403 511 "-" "Mozilla/5.0 (compatible; YandexBot/3.0; +http://yandex.com/bots)"
141.8.143.183 - - [04/Oct/2016:01:04:02 -0400] "GET /uploads/teaser/1474600076_bftLXz4ltqgz.png HTTP/1.1" 403 542 "-" "Mozilla/5.0 (compatible; YandexImages/3.0; +http://yandex.com/bots)"
100.43.91.12 - - [04/Oct/2016:01:06:01 -0400] "GET /uploads/teaser/1455624256_wExaGpWgrlkP.jpeg HTTP/1.1" 403 544 "-" "Mozilla/5.0 (compatible; YandexImages/3.0; +http://yandex.com/bots)"
141.8.143.192 - - [04/Oct/2016:01:08:07 -0400] "GET /uploads/teaser/1455630432_8sxEPmo3FyDS.jpeg HTTP/1.1" 403 544 "-" "Mozilla/5.0 (compatible; YandexImages/3.0; +http://yandex.com/bots)"
5.255.250.23 - - [04/Oct/2016:01:37:59 -0400] "GET /uploads/teaser/1455629941_Sw55pndyOP8r.jpeg HTTP/1.1" 403 544 "-" "Mozilla/5.0 (compatible; YandexImages/3.0; +http://yandex.com/bots)"
141.8.143.224 - - [04/Oct/2016:01:58:13 -0400] "GET /uploads/teaser/1455630823_rKEbJ0FMVE35.jpeg HTTP/1.1" 403 544 "-" "Mozilla/5.0 (compatible; YandexImages/3.0; +http://yandex.com/bots)"
5.255.250.55 - - [04/Oct/2016:02:00:18 -0400] "GET /uploads/teaser/1455630772_QQ9tAW2wkXTS.jpeg HTTP/1.1" 403 544 "-" "Mozilla/5.0 (compatible; YandexImages/3.0; +http://yandex.com/bots)"
141.8.143.219 - - [04/Oct/2016:02:14:43 -0400] "GET /uploads/post/1467813399_-3mdaJQimjLz.jpg HTTP/1.1" 403 541 "-" "Mozilla/5.0 (compatible; YandexImages/3.0; +http://yandex.com/bots)"
100.43.91.12 - - [04/Oct/2016:02:42:42 -0400] "GET /robots.txt HTTP/1.1" 403 511 "-" "Mozilla/5.0 (compatible; YandexBot/3.0; +http://yandex.com/bots)"
100.43.91.12 - - [04/Oct/2016:02:42:46 -0400] "GET /uploads/teaser/1474597227_fKHEn7t5DJIs.png HTTP/1.1" 403 542 "-" "Mozilla/5.0 (compatible; YandexImages/3.0; +http://yandex.com/bots)"
141.8.143.192 - - [04/Oct/2016:02:44:34 -0400] "GET /uploads/post/1474581448_1tKccS82ApPc.jpg HTTP/1.1" 403 541 "-" "Mozilla/5.0 (compatible; YandexImages/3.0; +http://yandex.com/bots)"
208.64.253.242 - - [04/Oct/2016:03:22:42 -0400] "GET HTTP/1.1 HTTP/1.1" 400 486 "-" "Mozilla/4.0 (compatible; MSIE 6.0; Windows 98)"
208.64.253.242 - - [04/Oct/2016:03:22:42 -0400] "GET /admin/config.php HTTP/1.1" 403 476 "-" "Mozilla/4.0 (compatible; MSIE 6.0; Windows 98)"
186.220.253.32 - - [04/Oct/2016:03:28:13 -0400] "GET /manager/html HTTP/1.1" 403 509 "-" "Mozilla/5.0 (Windows NT 5.1; rv:5.0) Gecko/20100101 Firefox/5.0"
141.8.143.187 - - [04/Oct/2016:03:29:17 -0400] "GET /uploads/teaser/1455548455_pop1wPZuVee4.jpeg HTTP/1.1" 403 544 "-" "Mozilla/5.0 (compatible; YandexImages/3.0; +http://yandex.com/bots)"
5.255.250.23 - - [04/Oct/2016:03:31:22 -0400] "GET /uploads/post/1473167526_kM0JKm-wh2Z7.png HTTP/1.1" 403 541 "-" "Mozilla/5.0 (compatible; YandexImages/3.0; +http://yandex.com/bots)"
63.141.250.155 - - [04/Oct/2016:03:59:42 -0400] "GET / HTTP/1.1" 403 438 "-" "Mozilla/4.0 (compatible; MSIE 8.0; Windows NT 6.1; Trident/4.0; SLCC2; .NET CLR 2.0.50727; .NET CLR 3.5.30729; .NET CLR 3.0.30729; Media Center PC 6.0)"
141.8.143.224 - - [04/Oct/2016:04:04:06 -0400] "GET /uploads/post/1474597413_iNs_fcdLyQoY.jpg HTTP/1.1" 403 541 "-" "Mozilla/5.0 (compatible; YandexImages/3.0; +http://yandex.com/bots)"
5.255.250.55 - - [04/Oct/2016:04:06:12 -0400] "GET /uploads/teaser/1455630274_7xtR98OjEEQ8.gif HTTP/1.1" 403 543 "-" "Mozilla/5.0 (compatible; YandexImages/3.0; +http://yandex.com/bots)"
141.8.143.219 - - [04/Oct/2016:04:08:18 -0400] "GET /uploads/teaser/1455630352_R6GZPOl0-u8d.gif HTTP/1.1" 403 543 "-" "Mozilla/5.0 (compatible; YandexImages/3.0; +http://yandex.com/bots)"
5.255.250.38 - - [04/Oct/2016:04:10:47 -0400] "GET / HTTP/1.1" 403 501 "-" "Mozilla/5.0 (compatible; YandexBot/3.0; +http://yandex.com/bots)"
141.8.143.183 - - [04/Oct/2016:04:47:27 -0400] "GET /robots.txt HTTP/1.1" 403 511 "-" "Mozilla/5.0 (compatible; YandexBot/3.0; +http://yandex.com/bots)"
100.43.91.12 - - [04/Oct/2016:04:48:09 -0400] "GET /uploads/post/1467813062_Nb8wOg7_OH8x.jpg HTTP/1.1" 403 541 "-" "Mozilla/5.0 (compatible; YandexImages/3.0; +http://yandex.com/bots)"
5.255.250.57 - - [04/Oct/2016:04:49:30 -0400] "GET /uploads/teaser/1455630671_oCXG9BojcZ-i.jpeg HTTP/1.1" 403 544 "-" "Mozilla/5.0 (compatible; YandexImages/3.0; +http://yandex.com/bots)"
5.255.250.23 - - [04/Oct/2016:04:57:21 -0400] "GET /uploads/teaser/1455630193_q4IxmN1X4B3f.jpeg HTTP/1.1" 403 544 "-" "Mozilla/5.0 (compatible; YandexImages/3.0; +http://yandex.com/bots)"
5.255.250.50 - - [04/Oct/2016:04:59:28 -0400] "GET /uploads/post/1467812997_sjPCEx5EI9cO.jpeg HTTP/1.1" 403 542 "-" "Mozilla/5.0 (compatible; YandexImages/3.0; +http://yandex.com/bots)"
77.121.118.17 - - [04/Oct/2016:05:29:33 -0400] "GET / HTTP/1.1" 403 501 "-" "Mozilla/5.0 (Windows NT 10.0; Win64; x64) AppleWebKit/537.36 (KHTML, like Gecko) Chrome/53.0.2785.116 Safari/537.36"
93.174.93.210 - - [04/Oct/2016:11:44:33 -0400] "GET / HTTP/1.0" 403 464 "-" "Mozilla/5.0 (Windows NT 6.3; WOW64; rv:34.0) Gecko/20100101 Firefox/34.0"
195.62.53.168 - - [04/Oct/2016:12:34:28 -0400] "GET /engine/log.txt HTTP/1.1" 403 469 "-" "Mozilla/5.0 (Windows NT 6.1; Win64; x64; rv:30.N) Gecko/20110302 Firefox/30.0"
::1 - - [04/Oct/2016:13:02:42 -0400] "OPTIONS * HTTP/1.0" 200 125 "-" "Apache/2.4.7 (Ubuntu) PHP/5.5.9-1ubuntu4.19 (internal dummy connection)"
::1 - - [04/Oct/2016:14:27:26 -0400] "OPTIONS * HTTP/1.0" 200 125 "-" "Apache/2.4.7 (Ubuntu) PHP/5.5.9-1ubuntu4.19 (internal dummy connection)"
46.172.91.20 - - [04/Oct/2016:15:47:00 -0400] "GET / HTTP/1.1" 403 460 "-" "-"
92.255.232.87 - - [04/Oct/2016:18:02:10 -0400] "HEAD / HTTP/1.0" 403 158 "-" "-"
141.8.143.183 - - [04/Oct/2016:18:38:59 -0400] "GET /robots.txt HTTP/1.1" 403 511 "-" "Mozilla/5.0 (compatible; YandexBot/3.0; +http://yandex.com/bots)"
141.8.143.183 - - [04/Oct/2016:18:39:03 -0400] "GET /uploads/post/1474581448_1tKccS82ApPc.jpg HTTP/1.1" 403 540 "-" "Mozilla/5.0 (compatible; YandexImages/3.0; +http://yandex.com/bots)"
141.8.143.183 - - [04/Oct/2016:20:23:55 -0400] "GET /robots.txt HTTP/1.1" 403 511 "-" "Mozilla/5.0 (compatible; YandexBot/3.0; +http://yandex.com/bots)"
141.8.143.183 - - [04/Oct/2016:20:23:59 -0400] "GET /uploads/post/1473167526_kM0JKm-wh2Z7.png HTTP/1.1" 403 540 "-" "Mozilla/5.0 (compatible; YandexImages/3.0; +http://yandex.com/bots)"
100.43.90.9 - - [04/Oct/2016:21:28:46 -0400] "GET /robots.txt HTTP/1.1" 403 511 "-" "Mozilla/5.0 (compatible; YandexBot/3.0; +http://yandex.com/bots)"
100.43.90.9 - - [04/Oct/2016:21:28:50 -0400] "GET /uploads/teaser/1455630671_oCXG9BojcZ-i.jpeg HTTP/1.1" 403 543 "-" "Mozilla/5.0 (compatible; YandexImages/3.0; +http://yandex.com/bots)"
141.8.143.183 - - [04/Oct/2016:22:17:56 -0400] "GET /robots.txt HTTP/1.1" 403 511 "-" "Mozilla/5.0 (compatible; YandexBot/3.0; +http://yandex.com/bots)"
141.8.143.183 - - [04/Oct/2016:22:18:00 -0400] "GET /uploads/teaser/1455630671_oCXG9BojcZ-i.jpeg HTTP/1.1" 403 543 "-" "Mozilla/5.0 (compatible; YandexImages/3.0; +http://yandex.com/bots)"
100.43.91.12 - - [04/Oct/2016:22:21:32 -0400] "GET /uploads/post/1474597413_iNs_fcdLyQoY.jpg HTTP/1.1" 403 541 "-" "Mozilla/5.0 (compatible; YandexImages/3.0; +http://yandex.com/bots)"
63.141.250.154 - - [05/Oct/2016:00:25:11 -0400] "GET / HTTP/1.1" 403 438 "-" "Mozilla/4.0 (compatible; MSIE 8.0; Windows NT 6.1; Trident/4.0; SLCC2; .NET CLR 2.0.50727; .NET CLR 3.5.30729; .NET CLR 3.0.30729; Media Center PC 6.0)"
141.212.122.32 - - [05/Oct/2016:01:30:00 -0400] "GET / HTTP/1.1" 403 441 "-" "Mozilla/5.0 zgrab/0.x"
::1 - - [05/Oct/2016:02:49:42 -0400] "OPTIONS * HTTP/1.0" 200 125 "-" "Apache/2.4.7 (Ubuntu) PHP/5.5.9-1ubuntu4.19 (internal dummy connection)"
::1 - - [05/Oct/2016:02:56:07 -0400] "OPTIONS * HTTP/1.0" 200 125 "-" "Apache/2.4.7 (Ubuntu) PHP/5.5.9-1ubuntu4.19 (internal dummy connection)"
::1 - - [05/Oct/2016:03:03:18 -0400] "OPTIONS * HTTP/1.0" 200 125 "-" "Apache/2.4.7 (Ubuntu) PHP/5.5.9-1ubuntu4.19 (internal dummy connection)"
::1 - - [05/Oct/2016:03:46:06 -0400] "OPTIONS * HTTP/1.0" 200 125 "-" "Apache/2.4.7 (Ubuntu) PHP/5.5.9-1ubuntu4.19 (internal dummy connection)"
::1 - - [05/Oct/2016:03:51:07 -0400] "OPTIONS * HTTP/1.0" 200 125 "-" "Apache/2.4.7 (Ubuntu) PHP/5.5.9-1ubuntu4.19 (internal dummy connection)"
77.121.118.17 - - [05/Oct/2016:03:56:30 -0400] "-" 408 0 "-" "-"
::1 - - [05/Oct/2016:11:04:11 +0300] "OPTIONS * HTTP/1.0" 200 125 "-" "Apache/2.4.7 (Ubuntu) PHP/5.5.9-1ubuntu4.19 (internal dummy connection)"
::1 - - [05/Oct/2016:04:06:04 -0400] "OPTIONS * HTTP/1.0" 200 125 "-" "Apache/2.4.7 (Ubuntu) PHP/5.5.9-1ubuntu4.19 (internal dummy connection)"
::1 - - [05/Oct/2016:04:06:17 -0400] "OPTIONS * HTTP/1.0" 200 125 "-" "Apache/2.4.7 (Ubuntu) PHP/5.5.9-1ubuntu4.19 (internal dummy connection)"
::1 - - [05/Oct/2016:04:06:35 -0400] "OPTIONS * HTTP/1.0" 200 125 "-" "Apache/2.4.7 (Ubuntu) PHP/5.5.9-1ubuntu4.19 (internal dummy connection)"
::1 - - [05/Oct/2016:11:07:12 +0300] "OPTIONS * HTTP/1.0" 200 125 "-" "Apache/2.4.7 (Ubuntu) PHP/5.5.9-1ubuntu4.19 (internal dummy connection)"
::1 - - [05/Oct/2016:04:10:03 -0400] "OPTIONS * HTTP/1.0" 200 125 "-" "Apache/2.4.7 (Ubuntu) PHP/5.5.9-1ubuntu4.19 (internal dummy connection)"
::1 - - [05/Oct/2016:04:11:50 -0400] "OPTIONS * HTTP/1.0" 200 125 "-" "Apache/2.4.7 (Ubuntu) PHP/5.5.9-1ubuntu4.19 (internal dummy connection)"
::1 - - [05/Oct/2016:04:13:45 -0400] "OPTIONS * HTTP/1.0" 200 125 "-" "Apache/2.4.7 (Ubuntu) PHP/5.5.9-1ubuntu4.19 (internal dummy connection)"
::1 - - [05/Oct/2016:04:13:46 -0400] "OPTIONS * HTTP/1.0" 200 125 "-" "Apache/2.4.7 (Ubuntu) PHP/5.5.9-1ubuntu4.19 (internal dummy connection)"
::1 - - [05/Oct/2016:11:14:04 +0300] "OPTIONS * HTTP/1.0" 200 125 "-" "Apache/2.4.7 (Ubuntu) PHP/5.5.9-1ubuntu4.19 (internal dummy connection)"
77.121.118.17 - - [05/Oct/2016:04:19:42 -0400] "-" 408 0 "-" "-"
77.121.118.17 - - [05/Oct/2016:04:19:42 -0400] "-" 408 0 "-" "-"
77.121.118.17 - - [05/Oct/2016:04:19:42 -0400] "-" 408 0 "-" "-"
77.121.118.17 - - [05/Oct/2016:04:19:42 -0400] "-" 408 0 "-" "-"
77.121.118.17 - - [05/Oct/2016:04:19:42 -0400] "-" 408 0 "-" "-"
::1 - - [05/Oct/2016:11:24:26 +0300] "OPTIONS * HTTP/1.0" 200 125 "-" "Apache/2.4.7 (Ubuntu) PHP/5.5.9-1ubuntu4.19 (internal dummy connection)"
::1 - - [05/Oct/2016:04:24:57 -0400] "OPTIONS * HTTP/1.0" 200 125 "-" "Apache/2.4.7 (Ubuntu) PHP/5.5.9-1ubuntu4.19 (internal dummy connection)"
63.141.250.154 - - [05/Oct/2016:12:45:38 +0300] "GET / HTTP/1.1" 403 438 "-" "Mozilla/4.0 (compatible; MSIE 8.0; Windows NT 6.1; Trident/4.0; SLCC2; .NET CLR 2.0.50727; .NET CLR 3.5.30729; .NET CLR 3.0.30729; Media Center PC 6.0)"
66.240.192.138 - - [05/Oct/2016:06:55:23 -0400] "GET / HTTP/1.1" 403 441 "-" "Mozilla/5.0 (Windows NT 6.1) AppleWebKit/537.36 (KHTML, like Gecko) Chrome/41.0.2228.0 Safari/537.36"
66.240.192.138 - - [05/Oct/2016:13:55:26 +0300] "GET /robots.txt HTTP/1.1" 403 451 "-" "-"
66.240.192.138 - - [05/Oct/2016:13:56:49 +0300] "GET /sitemap.xml HTTP/1.1" 403 452 "-" "-"
162.243.188.75 - - [05/Oct/2016:16:31:18 +0300] "GET / HTTP/1.0" 403 457 "-" "-"
93.174.93.210 - - [05/Oct/2016:11:00:08 -0400] "GET / HTTP/1.0" 403 464 "-" "Mozilla/5.0 (Windows NT 6.3; WOW64; rv:34.0) Gecko/20100101 Firefox/34.0"
192.187.118.67 - - [05/Oct/2016:18:19:27 +0300] "GET / HTTP/1.1" 403 438 "-" "Mozilla/4.0 (compatible; MSIE 8.0; Windows NT 6.1; Trident/4.0; SLCC2; .NET CLR 2.0.50727; .NET CLR 3.5.30729; .NET CLR 3.0.30729; Media Center PC 6.0)"
180.97.106.37 - - [05/Oct/2016:21:12:58 +0300] "HEAD http://180.163.113.82/check_proxy HTTP/1.1" 403 139 "-" "-"
179.210.129.172 - - [05/Oct/2016:17:14:16 -0400] "GET /cgi/common.cgi HTTP/1.0" 403 474 "-" "Wget(linux)"
179.210.129.172 - - [06/Oct/2016:00:14:16 +0300] "GET /stssys.htm HTTP/1.0" 403 470 "-" "Wget(linux)"
179.210.129.172 - - [06/Oct/2016:00:14:16 +0300] "GET / HTTP/1.0" 403 460 "-" "Wget(linux)"
179.210.129.172 - - [06/Oct/2016:00:14:17 +0300] "POST /command.php HTTP/1.0" 403 471 "-" "Wget(linux)"
199.33.125.108 - - [06/Oct/2016:04:54:10 +0300] "HEAD / HTTP/1.0" 403 158 "-" "-"
180.97.106.37 - - [06/Oct/2016:07:05:27 +0300] "-" 408 0 "-" "-"
169.56.71.55 - - [06/Oct/2016:07:09:05 +0300] "GET / HTTP/1.0" 403 457 "-" "Mozilla/5.0 (Windows NT 6.1; rv:31.0) Gecko/20100101 Firefox/31.0"
218.92.147.79 - - [06/Oct/2016:00:36:16 -0400] "OPTIONS / HTTP/1.1" 403 497 "-" "Mozilla/5.0 (Macintosh; Intel Mac OS X 10_10_5) AppleWebKit/537.36 (KHTML, like Gecko) Chrome/43.0.2357.134 Safari/537.36 QQBrowser/3.8.3858.400"
218.92.147.79 - - [06/Oct/2016:07:36:21 +0300] "GET /uploadify/uploadify.css HTTP/1.1" 403 520 "http://159.203.34.202" "Mozilla/5.0 (Macintosh; Intel Mac OS X 10_10_5) AppleWebKit/537.36 (KHTML, like Gecko) Chrome/43.0.2357.134 Safari/537.36 QQBrowser/3.8.3858.400"
218.92.147.79 - - [06/Oct/2016:07:36:27 +0300] "GET /uploadify.css HTTP/1.1" 403 510 "http://159.203.34.202" "Mozilla/5.0 (Macintosh; Intel Mac OS X 10_10_5) AppleWebKit/537.36 (KHTML, like Gecko) Chrome/43.0.2357.134 Safari/537.36 QQBrowser/3.8.3858.400"
218.92.147.79 - - [06/Oct/2016:07:36:28 +0300] "GET /admin/uploadify/uploadify.css HTTP/1.1" 403 526 "http://159.203.34.202" "Mozilla/5.0 (Macintosh; Intel Mac OS X 10_10_5) AppleWebKit/537.36 (KHTML, like Gecko) Chrome/43.0.2357.134 Safari/537.36 QQBrowser/3.8.3858.400"
218.92.147.79 - - [06/Oct/2016:07:36:28 +0300] "GET /public/js/uploadify/uploadify.css HTTP/1.1" 403 530 "http://159.203.34.202" "Mozilla/5.0 (Macintosh; Intel Mac OS X 10_10_5) AppleWebKit/537.36 (KHTML, like Gecko) Chrome/43.0.2357.134 Safari/537.36 QQBrowser/3.8.3858.400"
218.92.147.79 - - [06/Oct/2016:00:36:37 -0400] "GET /js/uploadify/uploadify.css HTTP/1.1" 403 523 "http://159.203.34.202" "Mozilla/5.0 (Macintosh; Intel Mac OS X 10_10_5) AppleWebKit/537.36 (KHTML, like Gecko) Chrome/43.0.2357.134 Safari/537.36 QQBrowser/3.8.3858.400"
218.92.147.79 - - [06/Oct/2016:07:37:09 +0300] "GET /include/lib/js/uploadify/uploadify.css HTTP/1.1" 403 535 "http://159.203.34.202" "Mozilla/5.0 (Macintosh; Intel Mac OS X 10_10_5) AppleWebKit/537.36 (KHTML, like Gecko) Chrome/43.0.2357.134 Safari/537.36 QQBrowser/3.8.3858.400"
218.92.147.79 - - [06/Oct/2016:07:37:10 +0300] "GET /data/plugin/uploadify/uploadify.css HTTP/1.1" 403 532 "http://159.203.34.202" "Mozilla/5.0 (Macintosh; Intel Mac OS X 10_10_5) AppleWebKit/537.36 (KHTML, like Gecko) Chrome/43.0.2357.134 Safari/537.36 QQBrowser/3.8.3858.400"
218.92.147.79 - - [06/Oct/2016:07:37:11 +0300] "GET /Public/uploadify/uploadify.css HTTP/1.1" 403 527 "http://159.203.34.202" "Mozilla/5.0 (Macintosh; Intel Mac OS X 10_10_5) AppleWebKit/537.36 (KHTML, like Gecko) Chrome/43.0.2357.134 Safari/537.36 QQBrowser/3.8.3858.400"
218.92.147.79 - - [06/Oct/2016:07:37:20 +0300] "GET /addons/uploadify/uploadify.css HTTP/1.1" 403 527 "http://159.203.34.202" "Mozilla/5.0 (Macintosh; Intel Mac OS X 10_10_5) AppleWebKit/537.36 (KHTML, like Gecko) Chrome/43.0.2357.134 Safari/537.36 QQBrowser/3.8.3858.400"
218.92.147.79 - - [06/Oct/2016:00:37:38 -0400] "GET /script/multiupload/uploadify.css HTTP/1.1" 403 529 "http://159.203.34.202" "Mozilla/5.0 (Macintosh; Intel Mac OS X 10_10_5) AppleWebKit/537.36 (KHTML, like Gecko) Chrome/43.0.2357.134 Safari/537.36 QQBrowser/3.8.3858.400"
218.92.147.79 - - [06/Oct/2016:07:37:39 +0300] "GET /inc/jquery/uploadify/uploadify.css HTTP/1.1" 403 531 "http://159.203.34.202" "Mozilla/5.0 (Macintosh; Intel Mac OS X 10_10_5) AppleWebKit/537.36 (KHTML, like Gecko) Chrome/43.0.2357.134 Safari/537.36 QQBrowser/3.8.3858.400"
218.92.147.79 - - [06/Oct/2016:07:37:39 +0300] "GET /general/weibo/javascript/LazyUploadify/uploadify.css HTTP/1.1" 403 549 "http://159.203.34.202" "Mozilla/5.0 (Macintosh; Intel Mac OS X 10_10_5) AppleWebKit/537.36 (KHTML, like Gecko) Chrome/43.0.2357.134 Safari/537.36 QQBrowser/3.8.3858.400"
218.92.147.79 - - [06/Oct/2016:07:37:40 +0300] "GET /uploadify/scripts/uploadify.css HTTP/1.1" 403 528 "http://159.203.34.202" "Mozilla/5.0 (Macintosh; Intel Mac OS X 10_10_5) AppleWebKit/537.36 (KHTML, like Gecko) Chrome/43.0.2357.134 Safari/537.36 QQBrowser/3.8.3858.400"
218.92.147.79 - - [06/Oct/2016:07:39:42 +0300] "GET /bocadmin/j/custom.js HTTP/1.1" 403 517 "http://159.203.34.202" "Mozilla/5.0 (Macintosh; Intel Mac OS X 10_10_5) AppleWebKit/537.36 (KHTML, like Gecko) Chrome/43.0.2357.134 Safari/537.36 QQBrowser/3.8.3858.400"
218.92.147.79 - - [06/Oct/2016:00:39:43 -0400] "GET /css/uploadify.css HTTP/1.1" 403 514 "http://159.203.34.202" "Mozilla/5.0 (Macintosh; Intel Mac OS X 10_10_5) AppleWebKit/537.36 (KHTML, like Gecko) Chrome/43.0.2357.134 Safari/537.36 QQBrowser/3.8.3858.400"
218.92.147.79 - - [06/Oct/2016:07:39:43 +0300] "GET /common/uploadify.css HTTP/1.1" 403 517 "http://159.203.34.202" "Mozilla/5.0 (Macintosh; Intel Mac OS X 10_10_5) AppleWebKit/537.36 (KHTML, like Gecko) Chrome/43.0.2357.134 Safari/537.36 QQBrowser/3.8.3858.400"
218.92.147.79 - - [06/Oct/2016:07:39:45 +0300] "GET /lib/uploadify.css HTTP/1.1" 403 514 "http://159.203.34.202" "Mozilla/5.0 (Macintosh; Intel Mac OS X 10_10_5) AppleWebKit/537.36 (KHTML, like Gecko) Chrome/43.0.2357.134 Safari/537.36 QQBrowser/3.8.3858.400"
218.92.147.79 - - [06/Oct/2016:07:39:59 +0300] "GET /admin/css/uploadify.css HTTP/1.1" 403 520 "http://159.203.34.202" "Mozilla/5.0 (Macintosh; Intel Mac OS X 10_10_5) AppleWebKit/537.36 (KHTML, like Gecko) Chrome/43.0.2357.134 Safari/537.36 QQBrowser/3.8.3858.400"
218.92.147.79 - - [06/Oct/2016:07:42:01 +0300] "GET /js/uploadify.css HTTP/1.1" 403 513 "http://159.203.34.202" "Mozilla/5.0 (Macintosh; Intel Mac OS X 10_10_5) AppleWebKit/537.36 (KHTML, like Gecko) Chrome/43.0.2357.134 Safari/537.36 QQBrowser/3.8.3858.400"
218.92.147.79 - - [06/Oct/2016:00:42:01 -0400] "GET /JS/jquery.uploadify-v2.1.0/uploadify.css HTTP/1.1" 403 537 "http://159.203.34.202" "Mozilla/5.0 (Macintosh; Intel Mac OS X 10_10_5) AppleWebKit/537.36 (KHTML, like Gecko) Chrome/43.0.2357.134 Safari/537.36 QQBrowser/3.8.3858.400"
218.92.147.79 - - [06/Oct/2016:07:42:14 +0300] "GET /js/Plug-in/jquery.uploadify/uploadify.css HTTP/1.1" 403 538 "http://159.203.34.202" "Mozilla/5.0 (Macintosh; Intel Mac OS X 10_10_5) AppleWebKit/537.36 (KHTML, like Gecko) Chrome/43.0.2357.134 Safari/537.36 QQBrowser/3.8.3858.400"
218.92.147.79 - - [06/Oct/2016:07:42:14 +0300] "GET /js/jquery.uploadify/uploadify.css HTTP/1.1" 403 530 "http://159.203.34.202" "Mozilla/5.0 (Macintosh; Intel Mac OS X 10_10_5) AppleWebKit/537.36 (KHTML, like Gecko) Chrome/43.0.2357.134 Safari/537.36 QQBrowser/3.8.3858.400"
141.8.143.183 - - [06/Oct/2016:04:21:23 -0400] "GET /robots.txt HTTP/1.1" 403 511 "-" "Mozilla/5.0 (compatible; YandexBot/3.0; +http://yandex.com/bots)"
141.8.143.183 - - [06/Oct/2016:04:21:27 -0400] "GET /uploads/teaser/1464687277_8sJ4o1t3ZAH0.jpg HTTP/1.1" 403 542 "-" "Mozilla/5.0 (compatible; YandexImages/3.0; +http://yandex.com/bots)"
192.187.118.70 - - [06/Oct/2016:12:58:26 +0300] "GET / HTTP/1.1" 403 438 "-" "Mozilla/4.0 (compatible; MSIE 8.0; Windows NT 6.1; Trident/4.0; SLCC2; .NET CLR 2.0.50727; .NET CLR 3.5.30729; .NET CLR 3.0.30729; Media Center PC 6.0)"
204.12.217.4 - - [06/Oct/2016:15:50:41 +0300] "GET / HTTP/1.1" 403 438 "-" "Mozilla/4.0 (compatible; MSIE 8.0; Windows NT 6.1; Trident/4.0; SLCC2; .NET CLR 2.0.50727; .NET CLR 3.5.30729; .NET CLR 3.0.30729; Media Center PC 6.0)"
40.133.106.210 - - [06/Oct/2016:11:31:50 -0400] "HEAD http://159.203.34.202:80/1phpmyadmin/ HTTP/1.1" 403 195 "-" "revolt"
40.133.106.210 - - [06/Oct/2016:11:31:50 -0400] "HEAD http://159.203.34.202:80/2phpmyadmin/ HTTP/1.1" 403 194 "-" "revolt"
40.133.106.210 - - [06/Oct/2016:11:31:51 -0400] "HEAD http://159.203.34.202:80/3phpmyadmin/ HTTP/1.1" 403 194 "-" "revolt"
40.133.106.210 - - [06/Oct/2016:11:31:51 -0400] "HEAD http://159.203.34.202:80/4phpmyadmin/ HTTP/1.1" 403 194 "-" "revolt"
40.133.106.210 - - [06/Oct/2016:11:31:51 -0400] "HEAD http://159.203.34.202:80/MyAdmin/ HTTP/1.1" 403 194 "-" "revolt"
40.133.106.210 - - [06/Oct/2016:11:31:53 -0400] "HEAD http://159.203.34.202:80/phpmyadmin/admin/ HTTP/1.1" 403 194 "-" "revolt"
40.133.106.210 - - [06/Oct/2016:11:31:53 -0400] "HEAD http://159.203.34.202:80/PMA/ HTTP/1.1" 403 194 "-" "revolt"
40.133.106.210 - - [06/Oct/2016:11:31:53 -0400] "HEAD http://159.203.34.202:80/PMA2011/ HTTP/1.1" 403 194 "-" "revolt"
40.133.106.210 - - [06/Oct/2016:11:31:53 -0400] "HEAD http://159.203.34.202:80/PMA2012/ HTTP/1.1" 403 194 "-" "revolt"
40.133.106.210 - - [06/Oct/2016:11:31:54 -0400] "HEAD http://159.203.34.202:80/PMA2013/ HTTP/1.1" 403 194 "-" "revolt"
40.133.106.210 - - [06/Oct/2016:11:31:55 -0400] "HEAD http://159.203.34.202:80/PMA2014/ HTTP/1.1" 403 194 "-" "revolt"
40.133.106.210 - - [06/Oct/2016:11:31:55 -0400] "HEAD http://159.203.34.202:80/PMA2015/ HTTP/1.1" 403 194 "-" "revolt"
40.133.106.210 - - [06/Oct/2016:11:31:55 -0400] "HEAD http://159.203.34.202:80/PMA2016/ HTTP/1.1" 403 194 "-" "revolt"
40.133.106.210 - - [06/Oct/2016:11:31:55 -0400] "HEAD http://159.203.34.202:80/admin/ HTTP/1.1" 403 194 "-" "revolt"
40.133.106.210 - - [06/Oct/2016:11:31:55 -0400] "HEAD http://159.203.34.202:80/admin/db/ HTTP/1.1" 403 194 "-" "revolt"
40.133.106.210 - - [06/Oct/2016:11:31:55 -0400] "HEAD http://159.203.34.202:80/admin/pMA/ HTTP/1.1" 403 194 "-" "revolt"
40.133.106.210 - - [06/Oct/2016:11:31:56 -0400] "HEAD http://159.203.34.202:80/admin/phpMyAdmin/ HTTP/1.1" 403 194 "-" "revolt"
40.133.106.210 - - [06/Oct/2016:11:31:57 -0400] "HEAD http://159.203.34.202:80/admin/phpmyadmin/ HTTP/1.1" 403 194 "-" "revolt"
40.133.106.210 - - [06/Oct/2016:11:31:57 -0400] "HEAD http://159.203.34.202:80/admin/sqladmin/ HTTP/1.1" 403 194 "-" "revolt"
40.133.106.210 - - [06/Oct/2016:11:31:58 -0400] "HEAD http://159.203.34.202:80/admin/sysadmin/ HTTP/1.1" 403 194 "-" "revolt"
40.133.106.210 - - [06/Oct/2016:11:31:59 -0400] "HEAD http://159.203.34.202:80/admin/web/ HTTP/1.1" 403 194 "-" "revolt"
40.133.106.210 - - [06/Oct/2016:11:31:59 -0400] "HEAD http://159.203.34.202:80/administrator/PMA/ HTTP/1.1" 403 194 "-" "revolt"
40.133.106.210 - - [06/Oct/2016:11:32:00 -0400] "HEAD http://159.203.34.202:80/administrator/admin/ HTTP/1.1" 403 194 "-" "revolt"
::1 - - [07/Oct/2016:08:12:43 +0300] "OPTIONS * HTTP/1.0" 200 125 "-" "Apache/2.4.7 (Ubuntu) PHP/5.5.9-1ubuntu4.19 (internal dummy connection)"
63.141.231.196 - - [07/Oct/2016:01:18:17 -0400] "GET / HTTP/1.1" 403 439 "-" "Mozilla/4.0 (compatible; MSIE 8.0; Windows NT 6.1; Trident/4.0; SLCC2; .NET CLR 2.0.50727; .NET CLR 3.5.30729; .NET CLR 3.0.30729; Media Center PC 6.0)"
::1 - - [07/Oct/2016:08:51:57 +0300] "OPTIONS * HTTP/1.0" 200 125 "-" "Apache/2.4.7 (Ubuntu) PHP/5.5.9-1ubuntu4.19 (internal dummy connection)"
::1 - - [07/Oct/2016:03:08:00 -0400] "OPTIONS * HTTP/1.0" 200 125 "-" "Apache/2.4.7 (Ubuntu) PHP/5.5.9-1ubuntu4.19 (internal dummy connection)"
::1 - - [07/Oct/2016:10:15:51 +0300] "OPTIONS * HTTP/1.0" 200 125 "-" "Apache/2.4.7 (Ubuntu) PHP/5.5.9-1ubuntu4.19 (internal dummy connection)"
::1 - - [07/Oct/2016:10:17:56 +0300] "OPTIONS * HTTP/1.0" 200 125 "-" "Apache/2.4.7 (Ubuntu) PHP/5.5.9-1ubuntu4.19 (internal dummy connection)"
::1 - - [07/Oct/2016:10:21:56 +0300] "OPTIONS * HTTP/1.0" 200 125 "-" "Apache/2.4.7 (Ubuntu) PHP/5.5.9-1ubuntu4.19 (internal dummy connection)"
::1 - - [07/Oct/2016:10:22:50 +0300] "OPTIONS * HTTP/1.0" 200 125 "-" "Apache/2.4.7 (Ubuntu) PHP/5.5.9-1ubuntu4.19 (internal dummy connection)"
76.14.129.25 - - [07/Oct/2016:13:16:29 +0300] "GET http://userpage.fu-berlin.de/benutzer/env.cgi HTTP/1.1" 403 464 "-" "Mozilla/5.0 (compatible; MSIE 9.0; Windows NT 6.1; Trident/5.0)"
198.204.247.221 - - [07/Oct/2016:14:51:45 +0300] "GET / HTTP/1.1" 403 439 "-" "Mozilla/4.0 (compatible; MSIE 8.0; Windows NT 6.1; Trident/4.0; SLCC2; .NET CLR 2.0.50727; .NET CLR 3.5.30729; .NET CLR 3.0.30729; Media Center PC 6.0)"
213.128.81.66 - - [07/Oct/2016:15:15:06 +0300] "GET / HTTP/1.0" 403 457 "-" "masscan/1.0 (https://github.com/robertdavidgraham/masscan)"
69.30.227.222 - - [07/Oct/2016:15:42:08 +0300] "GET / HTTP/1.1" 403 443 "-" "Mozilla/4.0 (compatible; MSIE 8.0; Windows NT 6.1; Trident/4.0; SLCC2; .NET CLR 2.0.50727; .NET CLR 3.5.30729; .NET CLR 3.0.30729; Media Center PC 6.0)"
77.121.118.17 - - [07/Oct/2016:10:18:04 -0400] "GET / HTTP/1.1" 403 501 "-" "Mozilla/5.0 (Windows NT 10.0; Win64; x64) AppleWebKit/537.36 (KHTML, like Gecko) Chrome/53.0.2785.143 Safari/537.36"
185.93.226.90 - - [07/Oct/2016:19:26:00 +0300] "GET / HTTP/1.1" 403 460 "-" "Mozilla/5.0 (Windows NT 6.1; rv:31.0) Gecko/20100101 Firefox/31.0"
186.222.209.133 - - [07/Oct/2016:21:56:14 +0300] "GET /cgi/common.cgi HTTP/1.0" 403 474 "-" "Wget(linux)"
186.222.209.133 - - [07/Oct/2016:21:56:15 +0300] "GET /stssys.htm HTTP/1.0" 403 470 "-" "Wget(linux)"
186.222.209.133 - - [07/Oct/2016:21:56:15 +0300] "GET / HTTP/1.0" 403 460 "-" "Wget(linux)"
186.222.209.133 - - [07/Oct/2016:21:56:16 +0300] "POST /command.php HTTP/1.0" 403 471 "-" "Wget(linux)"
::1 - - [07/Oct/2016:22:12:34 +0300] "OPTIONS * HTTP/1.0" 200 125 "-" "Apache/2.4.7 (Ubuntu) PHP/5.5.9-1ubuntu4.19 (internal dummy connection)"
::1 - - [07/Oct/2016:22:35:15 +0300] "OPTIONS * HTTP/1.0" 200 125 "-" "Apache/2.4.7 (Ubuntu) PHP/5.5.9-1ubuntu4.19 (internal dummy connection)"
141.8.143.183 - - [07/Oct/2016:18:17:51 -0400] "GET /robots.txt HTTP/1.1" 403 511 "-" "Mozilla/5.0 (compatible; YandexBot/3.0; +http://yandex.com/bots)"
141.8.143.183 - - [07/Oct/2016:18:17:55 -0400] "GET /uploads/teaser/1455548587_jnF4QZG-7rAY.jpeg HTTP/1.1" 403 543 "-" "Mozilla/5.0 (compatible; YandexImages/3.0; +http://yandex.com/bots)"
91.210.144.183 - - [07/Oct/2016:21:12:05 -0400] "GET / HTTP/1.1" 403 502 "http://test.karabasweb.com" "Mozilla/5.0 (Windows NT 6.1; WOW64) AppleWebKit/537.36 (KHTML, like Gecko) Chrome/31.0.1650.57 Safari/537.36"
::1 - - [08/Oct/2016:10:06:50 +0300] "OPTIONS * HTTP/1.0" 200 125 "-" "Apache/2.4.7 (Ubuntu) PHP/5.5.9-1ubuntu4.19 (internal dummy connection)"
::1 - - [08/Oct/2016:10:07:45 +0300] "OPTIONS * HTTP/1.0" 200 125 "-" "Apache/2.4.7 (Ubuntu) PHP/5.5.9-1ubuntu4.19 (internal dummy connection)"
76.14.129.25 - - [08/Oct/2016:10:21:53 +0300] "GET http://userpage.fu-berlin.de/benutzer/env.cgi HTTP/1.1" 403 464 "-" "Mozilla/5.0 (compatible; MSIE 9.0; Windows NT 6.1; Trident/5.0)"
198.204.247.218 - - [08/Oct/2016:19:46:22 +0300] "GET / HTTP/1.1" 403 439 "-" "Mozilla/4.0 (compatible; MSIE 8.0; Windows NT 6.1; Trident/4.0; SLCC2; .NET CLR 2.0.50727; .NET CLR 3.5.30729; .NET CLR 3.0.30729; Media Center PC 6.0)"
183.129.160.229 - - [09/Oct/2016:09:06:07 +0300] "GET / HTTP/1.1" 403 460 "-" "Mozilla/5.0 (Macintosh; Intel Mac OS X 10.11; rv:47.0) Gecko/20100101 Firefox/47.0"
183.129.160.229 - - [09/Oct/2016:09:06:07 +0300] "test" 403 278 "-" "-"
204.12.220.86 - - [09/Oct/2016:11:10:27 +0300] "GET / HTTP/1.1" 403 439 "-" "Mozilla/4.0 (compatible; MSIE 8.0; Windows NT 6.1; Trident/4.0; SLCC2; .NET CLR 2.0.50727; .NET CLR 3.5.30729; .NET CLR 3.0.30729; Media Center PC 6.0)"
::1 - - [09/Oct/2016:16:39:12 +0300] "OPTIONS * HTTP/1.0" 200 125 "-" "Apache/2.4.7 (Ubuntu) PHP/5.5.9-1ubuntu4.19 (internal dummy connection)"
141.212.122.16 - - [09/Oct/2016:18:13:03 +0300] "GET /x HTTP/1.1" 400 0 "-" "Telesphoreo"
173.208.207.130 - - [09/Oct/2016:19:13:35 +0300] "GET / HTTP/1.1" 403 439 "-" "Mozilla/4.0 (compatible; MSIE 8.0; Windows NT 6.1; Trident/4.0; SLCC2; .NET CLR 2.0.50727; .NET CLR 3.5.30729; .NET CLR 3.0.30729; Media Center PC 6.0)"
::1 - - [09/Oct/2016:19:47:33 +0300] "OPTIONS * HTTP/1.0" 200 125 "-" "Apache/2.4.7 (Ubuntu) PHP/5.5.9-1ubuntu4.19 (internal dummy connection)"
61.216.2.13 - - [09/Oct/2016:20:01:50 +0300] "GET / HTTP/1.1" 400 0 "-" "Mozilla/5.0 (Windows NT 6.3; WOW64) AppleWebKit/537.36 (KHTML, like Gecko) Chrome/45.0.2454.101 Safari/537.36"
119.28.20.147 - - [09/Oct/2016:13:14:33 -0400] "POST /login.action HTTP/1.1" 403 472 "-" "Mozilla/5.0"
63.141.231.198 - - [09/Oct/2016:22:27:53 +0300] "GET / HTTP/1.1" 403 439 "-" "Mozilla/4.0 (compatible; MSIE 8.0; Windows NT 6.1; Trident/4.0; SLCC2; .NET CLR 2.0.50727; .NET CLR 3.5.30729; .NET CLR 3.0.30729; Media Center PC 6.0)"
183.129.160.229 - - [09/Oct/2016:23:36:47 +0300] "GET / HTTP/1.1" 403 460 "-" "Mozilla/5.0 (Macintosh; Intel Mac OS X 10.11; rv:47.0) Gecko/20100101 Firefox/47.0"
183.129.160.229 - - [09/Oct/2016:23:36:47 +0300] "test" 403 278 "-" "-"
187.23.185.20 - - [09/Oct/2016:17:26:51 -0400] "GET /cgi/common.cgi HTTP/1.0" 403 474 "-" "Wget(linux)"
187.23.185.20 - - [09/Oct/2016:17:26:51 -0400] "GET /stssys.htm HTTP/1.0" 403 470 "-" "Wget(linux)"
187.23.185.20 - - [10/Oct/2016:00:26:51 +0300] "GET / HTTP/1.0" 403 460 "-" "Wget(linux)"
187.23.185.20 - - [09/Oct/2016:17:26:52 -0400] "POST /command.php HTTP/1.0" 403 471 "-" "Wget(linux)"
192.187.118.69 - - [10/Oct/2016:01:25:37 +0300] "GET / HTTP/1.1" 403 439 "-" "Mozilla/4.0 (compatible; MSIE 8.0; Windows NT 6.1; Trident/4.0; SLCC2; .NET CLR 2.0.50727; .NET CLR 3.5.30729; .NET CLR 3.0.30729; Media Center PC 6.0)"
118.144.35.66 - - [10/Oct/2016:02:34:44 +0300] "POST /login.action HTTP/1.1" 403 472 "-" "Mozilla/5.0"
212.92.127.172 - - [10/Oct/2016:08:51:37 +0300] "GET / HTTP/1.1" 403 441 "-" "Mozilla/5.0 (Windows NT 6.1; WOW64; rv:46.0) Gecko/20100101 Firefox/46.0"
40.143.136.38 - - [10/Oct/2016:09:34:34 +0300] "HEAD /index.php HTTP/1.1" 403 195 "-" "python-requests/2.11.1"
40.143.136.38 - - [10/Oct/2016:02:34:34 -0400] "HEAD /admin/images/tango.png HTTP/1.1" 403 195 "-" "python-requests/2.11.1"
142.54.180.66 - - [10/Oct/2016:03:16:37 -0400] "GET / HTTP/1.1" 403 439 "-" "Mozilla/4.0 (compatible; MSIE 8.0; Windows NT 6.1; Trident/4.0; SLCC2; .NET CLR 2.0.50727; .NET CLR 3.5.30729; .NET CLR 3.0.30729; Media Center PC 6.0)"
169.229.3.91 - - [10/Oct/2016:13:04:20 +0300] "\x05\x83\x1bt\xfa|\xe4\x8b\x067\xe8" 403 278 "-" "-"
::1 - - [10/Oct/2016:23:49:31 +0300] "OPTIONS * HTTP/1.0" 200 125 "-" "Apache/2.4.7 (Ubuntu) PHP/5.5.9-1ubuntu4.19 (internal dummy connection)"
93.158.200.68 - - [11/Oct/2016:07:45:14 +0300] "GET /muieblackcat HTTP/1.1" 403 472 "-" "-"
93.158.200.68 - - [11/Oct/2016:00:45:14 -0400] "GET //pma/scripts/setup.php HTTP/1.1" 403 481 "-" "-"
93.158.200.68 - - [11/Oct/2016:00:45:14 -0400] "GET //mysql/scripts/setup.php HTTP/1.1" 403 483 "-" "-"
93.158.200.68 - - [11/Oct/2016:07:45:15 +0300] "GET //mysqladmin/scripts/setup.php HTTP/1.1" 403 488 "-" "-"
93.158.200.68 - - [11/Oct/2016:07:45:15 +0300] "GET //MyAdmin/scripts/setup.php HTTP/1.1" 403 485 "-" "-"
93.158.200.68 - - [11/Oct/2016:07:45:15 +0300] "GET //myadmin/scripts/setup.php HTTP/1.1" 403 485 "-" "-"
93.158.200.68 - - [11/Oct/2016:07:45:15 +0300] "GET //phpMyAdmin/scripts/setup.php HTTP/1.1" 403 488 "-" "-"
93.158.200.68 - - [11/Oct/2016:07:45:15 +0300] "GET //phpmyadmin/scripts/setup.php HTTP/1.1" 403 488 "-" "-"
142.54.180.66 - - [11/Oct/2016:01:17:47 -0400] "GET / HTTP/1.1" 403 444 "-" "Mozilla/4.0 (compatible; MSIE 8.0; Windows NT 6.1; Trident/4.0; SLCC2; .NET CLR 2.0.50727; .NET CLR 3.5.30729; .NET CLR 3.0.30729; Media Center PC 6.0)"
201.52.140.7 - - [11/Oct/2016:14:09:16 +0300] "GET /cgi/common.cgi HTTP/1.0" 403 474 "-" "Wget(linux)"
201.52.140.7 - - [11/Oct/2016:14:09:16 +0300] "GET /stssys.htm HTTP/1.0" 403 470 "-" "Wget(linux)"
201.52.140.7 - - [11/Oct/2016:07:09:17 -0400] "GET / HTTP/1.0" 403 460 "-" "Wget(linux)"
201.52.140.7 - - [11/Oct/2016:14:09:17 +0300] "POST /command.php HTTP/1.0" 403 471 "-" "Wget(linux)"
212.92.127.201 - - [11/Oct/2016:14:15:50 +0300] "GET / HTTP/1.1" 403 441 "-" "Mozilla/5.0 (Windows NT 6.1; WOW64; rv:46.0) Gecko/20100101 Firefox/46.0"
::1 - - [11/Oct/2016:15:10:44 +0300] "OPTIONS * HTTP/1.0" 200 125 "-" "Apache/2.4.7 (Ubuntu) PHP/5.5.9-1ubuntu4.19 (internal dummy connection)"
::1 - - [11/Oct/2016:15:40:02 +0300] "OPTIONS * HTTP/1.0" 200 125 "-" "Apache/2.4.7 (Ubuntu) PHP/5.5.9-1ubuntu4.19 (internal dummy connection)"
139.162.13.205 - - [11/Oct/2016:15:58:08 +0300] "GET / HTTP/1.1" 403 460 "-" "Mozilla/5.0 (Windows NT 10.0; WOW64) AppleWebKit/537.36 (KHTML, like Gecko) Chrome/45.0.2454.101 Safari/537.36"
54.169.250.161 - - [11/Oct/2016:16:05:59 +0300] "GET / HTTP/1.1" 403 460 "-" "Mozilla/5.0 (Macintosh; Intel Mac OS X 10_11_5) AppleWebKit/537.36 (KHTML, like Gecko) Chrome/50.0.2661.102 Safari/537.36"
77.121.118.17 - - [11/Oct/2016:16:13:04 +0300] "-" 408 0 "-" "-"
77.121.118.17 - - [11/Oct/2016:16:13:04 +0300] "-" 408 0 "-" "-"
77.121.118.17 - - [11/Oct/2016:16:13:04 +0300] "-" 408 0 "-" "-"
77.121.118.17 - - [11/Oct/2016:16:13:04 +0300] "-" 408 0 "-" "-"
77.121.118.17 - - [11/Oct/2016:16:13:04 +0300] "-" 408 0 "-" "-"
77.121.118.17 - - [11/Oct/2016:16:35:26 +0300] "GET /admin/img/yii2-starter-kit.gif HTTP/1.1" 403 531 "http://karabasweb.com/" "Mozilla/5.0 (Windows NT 10.0; Win64; x64) AppleWebKit/537.36 (KHTML, like Gecko) Chrome/53.0.2785.143 Safari/537.36"
::1 - - [11/Oct/2016:16:35:40 +0300] "OPTIONS * HTTP/1.0" 200 125 "-" "Apache/2.4.7 (Ubuntu) PHP/5.5.9-1ubuntu4.19 (internal dummy connection)"
::1 - - [11/Oct/2016:16:37:33 +0300] "OPTIONS * HTTP/1.0" 200 125 "-" "Apache/2.4.7 (Ubuntu) PHP/5.5.9-1ubuntu4.19 (internal dummy connection)"
::1 - - [11/Oct/2016:16:37:34 +0300] "OPTIONS * HTTP/1.0" 200 125 "-" "Apache/2.4.7 (Ubuntu) PHP/5.5.9-1ubuntu4.19 (internal dummy connection)"
::1 - - [11/Oct/2016:16:37:35 +0300] "OPTIONS * HTTP/1.0" 200 125 "-" "Apache/2.4.7 (Ubuntu) PHP/5.5.9-1ubuntu4.19 (internal dummy connection)"
::1 - - [11/Oct/2016:09:43:45 -0400] "OPTIONS * HTTP/1.0" 200 125 "-" "Apache/2.4.7 (Ubuntu) PHP/5.5.9-1ubuntu4.19 (internal dummy connection)"
173.208.150.115 - - [11/Oct/2016:16:46:09 +0300] "GET / HTTP/1.1" 403 444 "-" "Mozilla/4.0 (compatible; MSIE 8.0; Windows NT 6.1; Trident/4.0; SLCC2; .NET CLR 2.0.50727; .NET CLR 3.5.30729; .NET CLR 3.0.30729; Media Center PC 6.0)"
77.121.118.17 - - [11/Oct/2016:09:51:59 -0400] "GET /admin/img/yii2-starter-kit.gif HTTP/1.1" 403 531 "http://karabasweb.com/hooks/test" "Mozilla/5.0 (Windows NT 10.0; Win64; x64) AppleWebKit/537.36 (KHTML, like Gecko) Chrome/53.0.2785.143 Safari/537.36"
77.121.118.17 - - [11/Oct/2016:09:54:18 -0400] "GET /admin/img/yii2-starter-kit.gif HTTP/1.1" 403 531 "http://karabasweb.com/hooks/test" "Mozilla/5.0 (Windows NT 10.0; Win64; x64) AppleWebKit/537.36 (KHTML, like Gecko) Chrome/53.0.2785.143 Safari/537.36"
77.121.118.17 - - [11/Oct/2016:09:54:21 -0400] "GET /admin/img/yii2-starter-kit.gif HTTP/1.1" 403 530 "http://karabasweb.com/hooks/test" "Mozilla/5.0 (Windows NT 10.0; Win64; x64) AppleWebKit/537.36 (KHTML, like Gecko) Chrome/53.0.2785.143 Safari/537.36"
::1 - - [11/Oct/2016:16:54:29 +0300] "OPTIONS * HTTP/1.0" 200 125 "-" "Apache/2.4.7 (Ubuntu) PHP/5.5.9-1ubuntu4.19 (internal dummy connection)"
77.121.118.17 - - [11/Oct/2016:16:57:22 +0300] "GET /admin/img/yii2-starter-kit.gif HTTP/1.1" 403 531 "http://karabasweb.com/" "Mozilla/5.0 (Windows NT 10.0; Win64; x64) AppleWebKit/537.36 (KHTML, like Gecko) Chrome/53.0.2785.143 Safari/537.36"
77.121.118.17 - - [11/Oct/2016:16:57:44 +0300] "GET /admin/img/yii2-starter-kit.gif HTTP/1.1" 403 531 "http://karabasweb.com/hooks/test?%D0%B2%D1%8B%D0%B0=%D1%8B%D0%B2%D0%B0%D1%8B%D0%B0" "Mozilla/5.0 (Windows NT 10.0; Win64; x64) AppleWebKit/537.36 (KHTML, like Gecko) Chrome/53.0.2785.143 Safari/537.36"
::1 - - [11/Oct/2016:16:59:39 +0300] "OPTIONS * HTTP/1.0" 200 125 "-" "Apache/2.4.7 (Ubuntu) PHP/5.5.9-1ubuntu4.19 (internal dummy connection)"
77.121.118.17 - - [11/Oct/2016:10:04:42 -0400] "GET /admin/img/yii2-starter-kit.gif HTTP/1.1" 403 531 "http://karabasweb.com/" "Mozilla/5.0 (Linux; Android 5.0.2; LG-D405 Build/LRX22G.A1442306864) AppleWebKit/537.36 (KHTML, like Gecko) Chrome/50.0.2661.89 Mobile Safari/537.36"
77.121.118.17 - - [11/Oct/2016:17:04:50 +0300] "GET /admin/img/yii2-starter-kit.gif HTTP/1.1" 403 531 "http://karabasweb.com/test" "Mozilla/5.0 (Linux; Android 5.0.2; LG-D405 Build/LRX22G.A1442306864) AppleWebKit/537.36 (KHTML, like Gecko) Chrome/50.0.2661.89 Mobile Safari/537.36"
77.121.118.17 - - [11/Oct/2016:17:05:23 +0300] "GET /admin/img/yii2-starter-kit.gif HTTP/1.1" 403 531 "http://karabasweb.com/" "Mozilla/5.0 (Linux; Android 5.0.2; LG-D405 Build/LRX22G.A1442306864) AppleWebKit/537.36 (KHTML, like Gecko) Chrome/50.0.2661.89 Mobile Safari/537.36"
77.121.118.17 - - [11/Oct/2016:10:05:30 -0400] "GET /admin/img/yii2-starter-kit.gif HTTP/1.1" 403 531 "http://karabasweb.com/test" "Mozilla/5.0 (Linux; Android 5.0.2; LG-D405 Build/LRX22G.A1442306864) AppleWebKit/537.36 (KHTML, like Gecko) Chrome/50.0.2661.89 Mobile Safari/537.36"
77.121.118.17 - - [11/Oct/2016:10:11:01 -0400] "-" 408 0 "-" "-"
77.121.118.17 - - [11/Oct/2016:17:11:01 +0300] "-" 408 0 "-" "-"
77.121.118.17 - - [11/Oct/2016:10:11:01 -0400] "-" 408 0 "-" "-"
77.121.118.17 - - [11/Oct/2016:17:11:01 +0300] "-" 408 0 "-" "-"
77.121.118.17 - - [11/Oct/2016:10:11:01 -0400] "-" 408 0 "-" "-"
77.121.118.17 - - [11/Oct/2016:10:11:01 -0400] "-" 408 0 "-" "-"
::1 - - [11/Oct/2016:10:11:04 -0400] "OPTIONS * HTTP/1.0" 200 125 "-" "Apache/2.4.7 (Ubuntu) PHP/5.5.9-1ubuntu4.19 (internal dummy connection)"
::1 - - [11/Oct/2016:17:26:58 +0300] "OPTIONS * HTTP/1.0" 200 125 "-" "Apache/2.4.7 (Ubuntu) PHP/5.5.9-1ubuntu4.19 (internal dummy connection)"
77.121.118.17 - - [11/Oct/2016:10:27:28 -0400] "GET /admin/img/yii2-starter-kit.gif HTTP/1.1" 403 531 "http://karabasweb.com/gii" "Mozilla/5.0 (Windows NT 10.0; Win64; x64) AppleWebKit/537.36 (KHTML, like Gecko) Chrome/53.0.2785.143 Safari/537.36"
77.121.118.17 - - [11/Oct/2016:10:27:34 -0400] "GET /admin/img/yii2-starter-kit.gif HTTP/1.1" 403 531 "http://karabasweb.com/" "Mozilla/5.0 (Windows NT 10.0; Win64; x64) AppleWebKit/537.36 (KHTML, like Gecko) Chrome/53.0.2785.143 Safari/537.36"
77.121.118.17 - - [11/Oct/2016:10:27:38 -0400] "GET /admin/img/yii2-starter-kit.gif HTTP/1.1" 403 530 "http://karabasweb.com/gii" "Mozilla/5.0 (Windows NT 10.0; Win64; x64) AppleWebKit/537.36 (KHTML, like Gecko) Chrome/53.0.2785.143 Safari/537.36"
::1 - - [11/Oct/2016:10:28:36 -0400] "OPTIONS * HTTP/1.0" 200 125 "-" "Apache/2.4.7 (Ubuntu) PHP/5.5.9-1ubuntu4.19 (internal dummy connection)"
::1 - - [11/Oct/2016:10:38:48 -0400] "OPTIONS * HTTP/1.0" 200 125 "-" "Apache/2.4.7 (Ubuntu) PHP/5.5.9-1ubuntu4.19 (internal dummy connection)"
::1 - - [11/Oct/2016:17:42:40 +0300] "OPTIONS * HTTP/1.0" 200 125 "-" "Apache/2.4.7 (Ubuntu) PHP/5.5.9-1ubuntu4.19 (internal dummy connection)"
::1 - - [11/Oct/2016:17:46:43 +0300] "OPTIONS * HTTP/1.0" 200 125 "-" "Apache/2.4.7 (Ubuntu) PHP/5.5.9-1ubuntu4.19 (internal dummy connection)"
::1 - - [11/Oct/2016:17:49:54 +0300] "OPTIONS * HTTP/1.0" 200 125 "-" "Apache/2.4.7 (Ubuntu) PHP/5.5.9-1ubuntu4.19 (internal dummy connection)"
::1 - - [11/Oct/2016:17:50:33 +0300] "OPTIONS * HTTP/1.0" 200 125 "-" "Apache/2.4.7 (Ubuntu) PHP/5.5.9-1ubuntu4.19 (internal dummy connection)"
173.208.198.10 - - [11/Oct/2016:18:49:20 +0300] "GET / HTTP/1.1" 403 438 "-" "Mozilla/4.0 (compatible; MSIE 8.0; Windows NT 6.1; Trident/4.0; SLCC2; .NET CLR 2.0.50727; .NET CLR 3.5.30729; .NET CLR 3.0.30729; Media Center PC 6.0)"
69.30.227.220 - - [11/Oct/2016:13:24:10 -0400] "GET / HTTP/1.1" 403 439 "-" "Mozilla/4.0 (compatible; MSIE 8.0; Windows NT 6.1; Trident/4.0; SLCC2; .NET CLR 2.0.50727; .NET CLR 3.5.30729; .NET CLR 3.0.30729; Media Center PC 6.0)"
::1 - - [11/Oct/2016:15:29:56 -0400] "OPTIONS * HTTP/1.0" 200 125 "-" "Apache/2.4.7 (Ubuntu) PHP/5.5.9-1ubuntu4.19 (internal dummy connection)"
::1 - - [11/Oct/2016:22:32:12 +0300] "OPTIONS * HTTP/1.0" 200 125 "-" "Apache/2.4.7 (Ubuntu) PHP/5.5.9-1ubuntu4.19 (internal dummy connection)"
::1 - - [11/Oct/2016:22:32:51 +0300] "OPTIONS * HTTP/1.0" 200 125 "-" "Apache/2.4.7 (Ubuntu) PHP/5.5.9-1ubuntu4.19 (internal dummy connection)"
::1 - - [11/Oct/2016:15:33:55 -0400] "OPTIONS * HTTP/1.0" 200 125 "-" "Apache/2.4.7 (Ubuntu) PHP/5.5.9-1ubuntu4.19 (internal dummy connection)"
::1 - - [11/Oct/2016:22:34:20 +0300] "OPTIONS * HTTP/1.0" 200 125 "-" "Apache/2.4.7 (Ubuntu) PHP/5.5.9-1ubuntu4.19 (internal dummy connection)"
::1 - - [11/Oct/2016:22:34:35 +0300] "OPTIONS * HTTP/1.0" 200 125 "-" "Apache/2.4.7 (Ubuntu) PHP/5.5.9-1ubuntu4.19 (internal dummy connection)"
::1 - - [11/Oct/2016:15:35:23 -0400] "OPTIONS * HTTP/1.0" 200 125 "-" "Apache/2.4.7 (Ubuntu) PHP/5.5.9-1ubuntu4.19 (internal dummy connection)"
::1 - - [11/Oct/2016:22:35:37 +0300] "OPTIONS * HTTP/1.0" 200 125 "-" "Apache/2.4.7 (Ubuntu) PHP/5.5.9-1ubuntu4.19 (internal dummy connection)"
::1 - - [11/Oct/2016:22:36:04 +0300] "OPTIONS * HTTP/1.0" 200 125 "-" "Apache/2.4.7 (Ubuntu) PHP/5.5.9-1ubuntu4.19 (internal dummy connection)"
::1 - - [11/Oct/2016:22:36:16 +0300] "OPTIONS * HTTP/1.0" 200 125 "-" "Apache/2.4.7 (Ubuntu) PHP/5.5.9-1ubuntu4.19 (internal dummy connection)"
::1 - - [11/Oct/2016:15:36:38 -0400] "OPTIONS * HTTP/1.0" 200 125 "-" "Apache/2.4.7 (Ubuntu) PHP/5.5.9-1ubuntu4.19 (internal dummy connection)"
::1 - - [11/Oct/2016:22:37:14 +0300] "OPTIONS * HTTP/1.0" 200 125 "-" "Apache/2.4.7 (Ubuntu) PHP/5.5.9-1ubuntu4.19 (internal dummy connection)"
::1 - - [11/Oct/2016:15:37:26 -0400] "OPTIONS * HTTP/1.0" 200 125 "-" "Apache/2.4.7 (Ubuntu) PHP/5.5.9-1ubuntu4.19 (internal dummy connection)"
::1 - - [11/Oct/2016:22:38:00 +0300] "OPTIONS * HTTP/1.0" 200 125 "-" "Apache/2.4.7 (Ubuntu) PHP/5.5.9-1ubuntu4.19 (internal dummy connection)"
::1 - - [11/Oct/2016:15:38:45 -0400] "OPTIONS * HTTP/1.0" 200 125 "-" "Apache/2.4.7 (Ubuntu) PHP/5.5.9-1ubuntu4.19 (internal dummy connection)"
::1 - - [11/Oct/2016:15:56:38 -0400] "OPTIONS * HTTP/1.0" 200 125 "-" "Apache/2.4.7 (Ubuntu) PHP/5.5.9-1ubuntu4.19 (internal dummy connection)"
::1 - - [11/Oct/2016:23:03:30 +0300] "OPTIONS * HTTP/1.0" 200 125 "-" "Apache/2.4.7 (Ubuntu) PHP/5.5.9-1ubuntu4.19 (internal dummy connection)"
::1 - - [11/Oct/2016:23:04:10 +0300] "OPTIONS * HTTP/1.0" 200 125 "-" "Apache/2.4.7 (Ubuntu) PHP/5.5.9-1ubuntu4.19 (internal dummy connection)"
::1 - - [11/Oct/2016:23:04:22 +0300] "OPTIONS * HTTP/1.0" 200 125 "-" "Apache/2.4.7 (Ubuntu) PHP/5.5.9-1ubuntu4.19 (internal dummy connection)"
::1 - - [11/Oct/2016:23:09:26 +0300] "OPTIONS * HTTP/1.0" 200 125 "-" "Apache/2.4.7 (Ubuntu) PHP/5.5.9-1ubuntu4.19 (internal dummy connection)"
::1 - - [11/Oct/2016:23:10:00 +0300] "OPTIONS * HTTP/1.0" 200 125 "-" "Apache/2.4.7 (Ubuntu) PHP/5.5.9-1ubuntu4.19 (internal dummy connection)"
::1 - - [11/Oct/2016:23:11:05 +0300] "OPTIONS * HTTP/1.0" 200 125 "-" "Apache/2.4.7 (Ubuntu) PHP/5.5.9-1ubuntu4.19 (internal dummy connection)"
::1 - - [11/Oct/2016:16:11:56 -0400] "OPTIONS * HTTP/1.0" 200 125 "-" "Apache/2.4.7 (Ubuntu) PHP/5.5.9-1ubuntu4.19 (internal dummy connection)"
::1 - - [11/Oct/2016:23:12:25 +0300] "OPTIONS * HTTP/1.0" 200 125 "-" "Apache/2.4.7 (Ubuntu) PHP/5.5.9-1ubuntu4.19 (internal dummy connection)"
::1 - - [11/Oct/2016:23:13:05 +0300] "OPTIONS * HTTP/1.0" 200 125 "-" "Apache/2.4.7 (Ubuntu) PHP/5.5.9-1ubuntu4.19 (internal dummy connection)"
::1 - - [11/Oct/2016:23:13:32 +0300] "OPTIONS * HTTP/1.0" 200 125 "-" "Apache/2.4.7 (Ubuntu) PHP/5.5.9-1ubuntu4.19 (internal dummy connection)"
::1 - - [11/Oct/2016:23:13:57 +0300] "OPTIONS * HTTP/1.0" 200 125 "-" "Apache/2.4.7 (Ubuntu) PHP/5.5.9-1ubuntu4.19 (internal dummy connection)"
::1 - - [11/Oct/2016:23:14:11 +0300] "OPTIONS * HTTP/1.0" 200 125 "-" "Apache/2.4.7 (Ubuntu) PHP/5.5.9-1ubuntu4.19 (internal dummy connection)"
::1 - - [11/Oct/2016:23:14:30 +0300] "OPTIONS * HTTP/1.0" 200 125 "-" "Apache/2.4.7 (Ubuntu) PHP/5.5.9-1ubuntu4.19 (internal dummy connection)"
::1 - - [11/Oct/2016:23:14:42 +0300] "OPTIONS * HTTP/1.0" 200 125 "-" "Apache/2.4.7 (Ubuntu) PHP/5.5.9-1ubuntu4.19 (internal dummy connection)"
::1 - - [11/Oct/2016:16:15:17 -0400] "OPTIONS * HTTP/1.0" 200 125 "-" "Apache/2.4.7 (Ubuntu) PHP/5.5.9-1ubuntu4.19 (internal dummy connection)"
::1 - - [11/Oct/2016:16:15:41 -0400] "OPTIONS * HTTP/1.0" 200 125 "-" "Apache/2.4.7 (Ubuntu) PHP/5.5.9-1ubuntu4.19 (internal dummy connection)"
::1 - - [11/Oct/2016:16:15:56 -0400] "OPTIONS * HTTP/1.0" 200 125 "-" "Apache/2.4.7 (Ubuntu) PHP/5.5.9-1ubuntu4.19 (internal dummy connection)"
::1 - - [11/Oct/2016:16:16:36 -0400] "OPTIONS * HTTP/1.0" 200 125 "-" "Apache/2.4.7 (Ubuntu) PHP/5.5.9-1ubuntu4.19 (internal dummy connection)"
::1 - - [11/Oct/2016:23:16:50 +0300] "OPTIONS * HTTP/1.0" 200 125 "-" "Apache/2.4.7 (Ubuntu) PHP/5.5.9-1ubuntu4.19 (internal dummy connection)"
::1 - - [11/Oct/2016:16:17:13 -0400] "OPTIONS * HTTP/1.0" 200 125 "-" "Apache/2.4.7 (Ubuntu) PHP/5.5.9-1ubuntu4.19 (internal dummy connection)"
::1 - - [11/Oct/2016:23:21:15 +0300] "OPTIONS * HTTP/1.0" 200 125 "-" "Apache/2.4.7 (Ubuntu) PHP/5.5.9-1ubuntu4.19 (internal dummy connection)"
::1 - - [11/Oct/2016:23:21:39 +0300] "OPTIONS * HTTP/1.0" 200 125 "-" "Apache/2.4.7 (Ubuntu) PHP/5.5.9-1ubuntu4.19 (internal dummy connection)"
::1 - - [11/Oct/2016:16:23:14 -0400] "OPTIONS * HTTP/1.0" 200 125 "-" "Apache/2.4.7 (Ubuntu) PHP/5.5.9-1ubuntu4.19 (internal dummy connection)"
::1 - - [11/Oct/2016:23:23:35 +0300] "OPTIONS * HTTP/1.0" 200 125 "-" "Apache/2.4.7 (Ubuntu) PHP/5.5.9-1ubuntu4.19 (internal dummy connection)"
::1 - - [11/Oct/2016:23:23:49 +0300] "OPTIONS * HTTP/1.0" 200 125 "-" "Apache/2.4.7 (Ubuntu) PHP/5.5.9-1ubuntu4.19 (internal dummy connection)"
::1 - - [11/Oct/2016:23:24:09 +0300] "OPTIONS * HTTP/1.0" 200 125 "-" "Apache/2.4.7 (Ubuntu) PHP/5.5.9-1ubuntu4.19 (internal dummy connection)"
::1 - - [11/Oct/2016:16:24:23 -0400] "OPTIONS * HTTP/1.0" 200 125 "-" "Apache/2.4.7 (Ubuntu) PHP/5.5.9-1ubuntu4.19 (internal dummy connection)"
::1 - - [11/Oct/2016:16:24:59 -0400] "OPTIONS * HTTP/1.0" 200 125 "-" "Apache/2.4.7 (Ubuntu) PHP/5.5.9-1ubuntu4.19 (internal dummy connection)"
::1 - - [11/Oct/2016:16:29:52 -0400] "OPTIONS * HTTP/1.0" 200 125 "-" "Apache/2.4.7 (Ubuntu) PHP/5.5.9-1ubuntu4.19 (internal dummy connection)"
::1 - - [11/Oct/2016:23:31:47 +0300] "OPTIONS * HTTP/1.0" 200 125 "-" "Apache/2.4.7 (Ubuntu) PHP/5.5.9-1ubuntu4.19 (internal dummy connection)"
::1 - - [11/Oct/2016:23:34:19 +0300] "OPTIONS * HTTP/1.0" 200 125 "-" "Apache/2.4.7 (Ubuntu) PHP/5.5.9-1ubuntu4.19 (internal dummy connection)"
::1 - - [11/Oct/2016:23:34:38 +0300] "OPTIONS * HTTP/1.0" 200 125 "-" "Apache/2.4.7 (Ubuntu) PHP/5.5.9-1ubuntu4.19 (internal dummy connection)"
::1 - - [11/Oct/2016:16:36:33 -0400] "OPTIONS * HTTP/1.0" 200 125 "-" "Apache/2.4.7 (Ubuntu) PHP/5.5.9-1ubuntu4.19 (internal dummy connection)"
